2025-11-26 12:07:47.139 [trace:] [user:] [role:] [op:] WARN  com.zaxxer.hikari.pool.HikariPool - HikariPool-1 - Thread starvation or clock leap detected (housekeeper delta=13h7m55s142ms1µs).
2025-11-26 12:08:34.058 [trace:b47576a4-0268-4b3c-9acd-ef60294ce0f6] [user:anonymous] [role:NONE] [op:] INFO  c.uniClub.logging.MDCLoggingFilter - REQUEST
traceId=b47576a4-0268-4b3c-9acd-ef60294ce0f6 | method=POST | uri=/api/auth/authenticate | ip=0:0:0:0:0:0:0:1
headers=[host=localhost:8080, connection=keep-alive, content-length=42, sec-ch-ua-platform="Windows", user-agent=Mozilla/5.0 (Windows NT 10.0; Win64; x64) AppleWebKit/537.36 (KHTML, like Gecko) Chrome/142.0.0.0 Safari/537.36, accept=application/json, text/plain, */*, sec-ch-ua="Chromium";v="142", "Google Chrome";v="142", "Not_A Brand";v="99", content-type=application/json, sec-ch-ua-mobile=?0, origin=http://localhost:5173, sec-fetch-site=same-site, sec-fetch-mode=cors, sec-fetch-dest=empty, referer=http://localhost:5173/, accept-encoding=gzip, deflate, br, zstd, accept-language=tr-TR,tr;q=0.9,en-US;q=0.8,en;q=0.7, ]
body=(empty)

2025-11-26 12:08:34.109 [trace:b47576a4-0268-4b3c-9acd-ef60294ce0f6] [user:anonymous] [role:NONE] [op:LOGIN] INFO  com.uniClub.logging.LoggingAspect - START [LOGIN] -> Method: AuthenticateServiceImpl.authenticate(..), Args: [com.uniClub.dto.userDto.AuthRequest@4e322ba6]
2025-11-26 12:08:34.109 [trace:b47576a4-0268-4b3c-9acd-ef60294ce0f6] [user:anonymous] [role:NONE] [op:LOGIN] DEBUG org.hibernate.SQL - 
    select
        ue1_0.id,
        ue1_0.created_at,
        ue1_0.created_by,
        ue1_0.email,
        ue1_0.password,
        ue1_0.role,
        ue1_0.updated_at,
        ue1_0.updated_by,
        ue1_0.username,
        ue1_0.version 
    from
        uniclub.users ue1_0 
    where
        ue1_0.username=?
2025-11-26 12:08:34.259 [trace:b47576a4-0268-4b3c-9acd-ef60294ce0f6] [user:anonymous] [role:NONE] [op:LOGIN] DEBUG org.hibernate.SQL - 
    select
        ce1_0.id,
        ce1_0.approved,
        ce1_0.club_name,
        ce1_0.created_at,
        ce1_0.created_by,
        ce1_0.description,
        ce1_0.email,
        ce1_0.foundation_date,
        ce1_0.instagram,
        ce1_0.logo_url,
        ce1_0.phone,
        p1_0.id,
        p1_0.created_at,
        p1_0.created_by,
        p1_0.email,
        p1_0.password,
        p1_0.role,
        p1_0.updated_at,
        p1_0.updated_by,
        p1_0.username,
        p1_0.version,
        ce1_0.short_name,
        ce1_0.status,
        ce1_0.updated_at,
        ce1_0.updated_by,
        ce1_0.version 
    from
        uniclub.clubs ce1_0 
    left join
        uniclub.users p1_0 
            on p1_0.id=ce1_0.president_id 
    where
        ce1_0.president_id=?
2025-11-26 12:08:34.393 [trace:b47576a4-0268-4b3c-9acd-ef60294ce0f6] [user:anonymous] [role:NONE] [op:LOGIN] DEBUG org.hibernate.SQL - 
    select
        ue1_0.id,
        ue1_0.created_at,
        ue1_0.created_by,
        ue1_0.email,
        ue1_0.password,
        ue1_0.role,
        ue1_0.updated_at,
        ue1_0.updated_by,
        ue1_0.username,
        ue1_0.version 
    from
        uniclub.users ue1_0 
    where
        ue1_0.username=?
2025-11-26 12:08:34.432 [trace:b47576a4-0268-4b3c-9acd-ef60294ce0f6] [user:anonymous] [role:NONE] [op:LOGIN] INFO  com.uniClub.logging.LoggingAspect - END [LOGIN] -> Duration: 316 ms
2025-11-26 12:08:34.442 [trace:b47576a4-0268-4b3c-9acd-ef60294ce0f6] [user:anonymous] [role:NONE] [op:] DEBUG org.hibernate.SQL - 
    insert 
    into
        uniclub.refresh_token
        (created_at, created_by, expired_date, refresh_token, updated_at, updated_by, user_id, version, id) 
    values
        (?, ?, ?, ?, ?, ?, ?, ?, ?)
2025-11-26 12:08:34.501 [trace:b47576a4-0268-4b3c-9acd-ef60294ce0f6] [user:anonymous] [role:NONE] [op:] INFO  c.uniClub.logging.MDCLoggingFilter - RESPONSE
traceId=b47576a4-0268-4b3c-9acd-ef60294ce0f6 | status=200 | duration=443ms
body={"status":200,"payload":{"accessToken":"eyJhbGciOiJIUzI1NiJ9.eyJyb2xlIjoiQURNSU4iLCJzdWIiOiJhZG1pbiIsImlhdCI6MTc2NDE0ODExNCwiZXhwIjoxNzY0MTU1MzE0fQ.8PER3wXKB1CuZi6AqQIzqb7XXzqPQbtQCzeOoLRZqlo","refreshToken":"5e70b26d-6d78-4bc1-baee-831b4a22f55d"}}

2025-11-26 12:08:40.190 [trace:] [user:] [role:] [op:] DEBUG org.hibernate.SQL - 
    select
        ue1_0.id,
        ue1_0.created_at,
        ue1_0.created_by,
        ue1_0.email,
        ue1_0.password,
        ue1_0.role,
        ue1_0.updated_at,
        ue1_0.updated_by,
        ue1_0.username,
        ue1_0.version 
    from
        uniclub.users ue1_0 
    where
        ue1_0.username=?
2025-11-26 12:08:40.192 [trace:] [user:] [role:] [op:] DEBUG org.hibernate.SQL - 
    select
        ce1_0.id,
        ce1_0.approved,
        ce1_0.club_name,
        ce1_0.created_at,
        ce1_0.created_by,
        ce1_0.description,
        ce1_0.email,
        ce1_0.foundation_date,
        ce1_0.instagram,
        ce1_0.logo_url,
        ce1_0.phone,
        p1_0.id,
        p1_0.created_at,
        p1_0.created_by,
        p1_0.email,
        p1_0.password,
        p1_0.role,
        p1_0.updated_at,
        p1_0.updated_by,
        p1_0.username,
        p1_0.version,
        ce1_0.short_name,
        ce1_0.status,
        ce1_0.updated_at,
        ce1_0.updated_by,
        ce1_0.version 
    from
        uniclub.clubs ce1_0 
    left join
        uniclub.users p1_0 
            on p1_0.id=ce1_0.president_id 
    where
        ce1_0.president_id=?
2025-11-26 12:08:40.196 [trace:66d2076f-a097-4449-96f1-2d5dc56cdb5e] [user:admin] [role:[]] [op:] INFO  c.uniClub.logging.MDCLoggingFilter - REQUEST
traceId=66d2076f-a097-4449-96f1-2d5dc56cdb5e | method=GET | uri=/api/clubs | ip=0:0:0:0:0:0:0:1
headers=[host=localhost:8080, connection=keep-alive, sec-ch-ua-platform="Windows", authorization=Bearer eyJhbGciOiJIUzI1NiJ9.eyJyb2xlIjoiQURNSU4iLCJzdWIiOiJhZG1pbiIsImlhdCI6MTc2NDE0ODExNCwiZXhwIjoxNzY0MTU1MzE0fQ.8PER3wXKB1CuZi6AqQIzqb7XXzqPQbtQCzeOoLRZqlo, user-agent=Mozilla/5.0 (Windows NT 10.0; Win64; x64) AppleWebKit/537.36 (KHTML, like Gecko) Chrome/142.0.0.0 Safari/537.36, accept=application/json, text/plain, */*, sec-ch-ua="Chromium";v="142", "Google Chrome";v="142", "Not_A Brand";v="99", sec-ch-ua-mobile=?0, origin=http://localhost:5173, sec-fetch-site=same-site, sec-fetch-mode=cors, sec-fetch-dest=empty, referer=http://localhost:5173/, accept-encoding=gzip, deflate, br, zstd, accept-language=tr-TR,tr;q=0.9,en-US;q=0.8,en;q=0.7, ]
body=(empty)

2025-11-26 12:08:40.198 [trace:66d2076f-a097-4449-96f1-2d5dc56cdb5e] [user:admin] [role:[]] [op:FIND_ALL_CLUBS] INFO  com.uniClub.logging.LoggingAspect - START [FIND_ALL_CLUBS] -> Method: ClubServiceImpl.getAllPaged(..), Args: [Page request [number: 0, size 5, sort: clubName: ASC]]
2025-11-26 12:08:40.198 [trace:66d2076f-a097-4449-96f1-2d5dc56cdb5e] [user:admin] [role:[]] [op:FIND_ALL_CLUBS] DEBUG org.hibernate.SQL - 
    select
        ce1_0.id,
        ce1_0.approved,
        ce1_0.club_name,
        ce1_0.created_at,
        ce1_0.created_by,
        ce1_0.description,
        ce1_0.email,
        ce1_0.foundation_date,
        ce1_0.instagram,
        ce1_0.logo_url,
        ce1_0.phone,
        ce1_0.president_id,
        ce1_0.short_name,
        ce1_0.status,
        ce1_0.updated_at,
        ce1_0.updated_by,
        ce1_0.version 
    from
        uniclub.clubs ce1_0 
    order by
        ce1_0.club_name 
    offset
        ? rows 
    fetch
        first ? rows only
2025-11-26 12:08:40.214 [trace:66d2076f-a097-4449-96f1-2d5dc56cdb5e] [user:admin] [role:[]] [op:FIND_ALL_CLUBS] INFO  com.uniClub.logging.LoggingAspect - END [FIND_ALL_CLUBS] -> Duration: 15 ms
2025-11-26 12:08:40.214 [trace:66d2076f-a097-4449-96f1-2d5dc56cdb5e] [user:admin] [role:[]] [op:] INFO  c.uniClub.logging.MDCLoggingFilter - RESPONSE
traceId=66d2076f-a097-4449-96f1-2d5dc56cdb5e | status=200 | duration=18ms
body={"status":200,"payload":{"content":[{"id":1,"clubName":"Yalova Yazılım ve Teknoloji Kulübü","shortName":"YYTK","logoUrl":"https://uniclub.yalova.edu.tr/logos/yytk.png","foundationDate":"2022-09-15","email":"yytk@yalova.edu.tr","phone":"+905551112233","instagram":"instagram.com/yytk","approved":"true","presidentId":null,"presidentUsername":null,"createdAt":"2025-11-22","status":"Terminated"}],"pageNumber":0,"pageSize":5,"totalElements":1,"totalPages":1,"last":true}}

2025-11-26 12:08:40.214 [trace:] [user:] [role:] [op:] DEBUG org.hibernate.SQL - 
    select
        ue1_0.id,
        ue1_0.created_at,
        ue1_0.created_by,
        ue1_0.email,
        ue1_0.password,
        ue1_0.role,
        ue1_0.updated_at,
        ue1_0.updated_by,
        ue1_0.username,
        ue1_0.version 
    from
        uniclub.users ue1_0 
    where
        ue1_0.username=?
2025-11-26 12:08:40.214 [trace:] [user:] [role:] [op:] DEBUG org.hibernate.SQL - 
    select
        ce1_0.id,
        ce1_0.approved,
        ce1_0.club_name,
        ce1_0.created_at,
        ce1_0.created_by,
        ce1_0.description,
        ce1_0.email,
        ce1_0.foundation_date,
        ce1_0.instagram,
        ce1_0.logo_url,
        ce1_0.phone,
        p1_0.id,
        p1_0.created_at,
        p1_0.created_by,
        p1_0.email,
        p1_0.password,
        p1_0.role,
        p1_0.updated_at,
        p1_0.updated_by,
        p1_0.username,
        p1_0.version,
        ce1_0.short_name,
        ce1_0.status,
        ce1_0.updated_at,
        ce1_0.updated_by,
        ce1_0.version 
    from
        uniclub.clubs ce1_0 
    left join
        uniclub.users p1_0 
            on p1_0.id=ce1_0.president_id 
    where
        ce1_0.president_id=?
2025-11-26 12:08:40.226 [trace:83fdc399-b09c-4008-9f56-059a9484328a] [user:admin] [role:[]] [op:] INFO  c.uniClub.logging.MDCLoggingFilter - REQUEST
traceId=83fdc399-b09c-4008-9f56-059a9484328a | method=GET | uri=/api/clubs | ip=0:0:0:0:0:0:0:1
headers=[host=localhost:8080, connection=keep-alive, sec-ch-ua-platform="Windows", authorization=Bearer eyJhbGciOiJIUzI1NiJ9.eyJyb2xlIjoiQURNSU4iLCJzdWIiOiJhZG1pbiIsImlhdCI6MTc2NDE0ODExNCwiZXhwIjoxNzY0MTU1MzE0fQ.8PER3wXKB1CuZi6AqQIzqb7XXzqPQbtQCzeOoLRZqlo, user-agent=Mozilla/5.0 (Windows NT 10.0; Win64; x64) AppleWebKit/537.36 (KHTML, like Gecko) Chrome/142.0.0.0 Safari/537.36, accept=application/json, text/plain, */*, sec-ch-ua="Chromium";v="142", "Google Chrome";v="142", "Not_A Brand";v="99", sec-ch-ua-mobile=?0, origin=http://localhost:5173, sec-fetch-site=same-site, sec-fetch-mode=cors, sec-fetch-dest=empty, referer=http://localhost:5173/, accept-encoding=gzip, deflate, br, zstd, accept-language=tr-TR,tr;q=0.9,en-US;q=0.8,en;q=0.7, ]
body=(empty)

2025-11-26 12:08:40.226 [trace:83fdc399-b09c-4008-9f56-059a9484328a] [user:admin] [role:[]] [op:FIND_ALL_CLUBS] INFO  com.uniClub.logging.LoggingAspect - START [FIND_ALL_CLUBS] -> Method: ClubServiceImpl.getAllPaged(..), Args: [Page request [number: 0, size 5, sort: clubName: ASC]]
2025-11-26 12:08:40.226 [trace:83fdc399-b09c-4008-9f56-059a9484328a] [user:admin] [role:[]] [op:FIND_ALL_CLUBS] DEBUG org.hibernate.SQL - 
    select
        ce1_0.id,
        ce1_0.approved,
        ce1_0.club_name,
        ce1_0.created_at,
        ce1_0.created_by,
        ce1_0.description,
        ce1_0.email,
        ce1_0.foundation_date,
        ce1_0.instagram,
        ce1_0.logo_url,
        ce1_0.phone,
        ce1_0.president_id,
        ce1_0.short_name,
        ce1_0.status,
        ce1_0.updated_at,
        ce1_0.updated_by,
        ce1_0.version 
    from
        uniclub.clubs ce1_0 
    order by
        ce1_0.club_name 
    offset
        ? rows 
    fetch
        first ? rows only
2025-11-26 12:08:40.226 [trace:83fdc399-b09c-4008-9f56-059a9484328a] [user:admin] [role:[]] [op:FIND_ALL_CLUBS] INFO  com.uniClub.logging.LoggingAspect - END [FIND_ALL_CLUBS] -> Duration: 2 ms
2025-11-26 12:08:40.226 [trace:83fdc399-b09c-4008-9f56-059a9484328a] [user:admin] [role:[]] [op:] INFO  c.uniClub.logging.MDCLoggingFilter - RESPONSE
traceId=83fdc399-b09c-4008-9f56-059a9484328a | status=200 | duration=0ms
body={"status":200,"payload":{"content":[{"id":1,"clubName":"Yalova Yazılım ve Teknoloji Kulübü","shortName":"YYTK","logoUrl":"https://uniclub.yalova.edu.tr/logos/yytk.png","foundationDate":"2022-09-15","email":"yytk@yalova.edu.tr","phone":"+905551112233","instagram":"instagram.com/yytk","approved":"true","presidentId":null,"presidentUsername":null,"createdAt":"2025-11-22","status":"Terminated"}],"pageNumber":0,"pageSize":5,"totalElements":1,"totalPages":1,"last":true}}

2025-11-26 12:09:01.378 [trace:] [user:] [role:] [op:] DEBUG org.hibernate.SQL - 
    select
        ue1_0.id,
        ue1_0.created_at,
        ue1_0.created_by,
        ue1_0.email,
        ue1_0.password,
        ue1_0.role,
        ue1_0.updated_at,
        ue1_0.updated_by,
        ue1_0.username,
        ue1_0.version 
    from
        uniclub.users ue1_0 
    where
        ue1_0.username=?
2025-11-26 12:09:01.378 [trace:] [user:] [role:] [op:] DEBUG org.hibernate.SQL - 
    select
        ce1_0.id,
        ce1_0.approved,
        ce1_0.club_name,
        ce1_0.created_at,
        ce1_0.created_by,
        ce1_0.description,
        ce1_0.email,
        ce1_0.foundation_date,
        ce1_0.instagram,
        ce1_0.logo_url,
        ce1_0.phone,
        p1_0.id,
        p1_0.created_at,
        p1_0.created_by,
        p1_0.email,
        p1_0.password,
        p1_0.role,
        p1_0.updated_at,
        p1_0.updated_by,
        p1_0.username,
        p1_0.version,
        ce1_0.short_name,
        ce1_0.status,
        ce1_0.updated_at,
        ce1_0.updated_by,
        ce1_0.version 
    from
        uniclub.clubs ce1_0 
    left join
        uniclub.users p1_0 
            on p1_0.id=ce1_0.president_id 
    where
        ce1_0.president_id=?
2025-11-26 12:09:01.378 [trace:d46fdf98-b15b-4a5e-be78-870811752dc3] [user:admin] [role:[]] [op:] INFO  c.uniClub.logging.MDCLoggingFilter - REQUEST
traceId=d46fdf98-b15b-4a5e-be78-870811752dc3 | method=GET | uri=/api/auth/all/users | ip=0:0:0:0:0:0:0:1
headers=[host=localhost:8080, connection=keep-alive, sec-ch-ua-platform="Windows", authorization=Bearer eyJhbGciOiJIUzI1NiJ9.eyJyb2xlIjoiQURNSU4iLCJzdWIiOiJhZG1pbiIsImlhdCI6MTc2NDE0ODExNCwiZXhwIjoxNzY0MTU1MzE0fQ.8PER3wXKB1CuZi6AqQIzqb7XXzqPQbtQCzeOoLRZqlo, user-agent=Mozilla/5.0 (Windows NT 10.0; Win64; x64) AppleWebKit/537.36 (KHTML, like Gecko) Chrome/142.0.0.0 Safari/537.36, accept=application/json, text/plain, */*, sec-ch-ua="Chromium";v="142", "Google Chrome";v="142", "Not_A Brand";v="99", sec-ch-ua-mobile=?0, origin=http://localhost:5173, sec-fetch-site=same-site, sec-fetch-mode=cors, sec-fetch-dest=empty, referer=http://localhost:5173/, accept-encoding=gzip, deflate, br, zstd, accept-language=tr-TR,tr;q=0.9,en-US;q=0.8,en;q=0.7, ]
body=(empty)

2025-11-26 12:09:01.378 [trace:d46fdf98-b15b-4a5e-be78-870811752dc3] [user:admin] [role:[]] [op:] DEBUG org.hibernate.SQL - 
    select
        ue1_0.id,
        ue1_0.created_at,
        ue1_0.created_by,
        ue1_0.email,
        ue1_0.password,
        ue1_0.role,
        ue1_0.updated_at,
        ue1_0.updated_by,
        ue1_0.username,
        ue1_0.version 
    from
        uniclub.users ue1_0
2025-11-26 12:09:01.378 [trace:d46fdf98-b15b-4a5e-be78-870811752dc3] [user:admin] [role:[]] [op:] DEBUG org.hibernate.SQL - 
    select
        ce1_0.id,
        ce1_0.approved,
        ce1_0.club_name,
        ce1_0.created_at,
        ce1_0.created_by,
        ce1_0.description,
        ce1_0.email,
        ce1_0.foundation_date,
        ce1_0.instagram,
        ce1_0.logo_url,
        ce1_0.phone,
        p1_0.id,
        p1_0.created_at,
        p1_0.created_by,
        p1_0.email,
        p1_0.password,
        p1_0.role,
        p1_0.updated_at,
        p1_0.updated_by,
        p1_0.username,
        p1_0.version,
        ce1_0.short_name,
        ce1_0.status,
        ce1_0.updated_at,
        ce1_0.updated_by,
        ce1_0.version 
    from
        uniclub.clubs ce1_0 
    left join
        uniclub.users p1_0 
            on p1_0.id=ce1_0.president_id 
    where
        ce1_0.president_id=?
2025-11-26 12:09:01.378 [trace:d46fdf98-b15b-4a5e-be78-870811752dc3] [user:admin] [role:[]] [op:] DEBUG org.hibernate.SQL - 
    select
        ce1_0.id,
        ce1_0.approved,
        ce1_0.club_name,
        ce1_0.created_at,
        ce1_0.created_by,
        ce1_0.description,
        ce1_0.email,
        ce1_0.foundation_date,
        ce1_0.instagram,
        ce1_0.logo_url,
        ce1_0.phone,
        p1_0.id,
        p1_0.created_at,
        p1_0.created_by,
        p1_0.email,
        p1_0.password,
        p1_0.role,
        p1_0.updated_at,
        p1_0.updated_by,
        p1_0.username,
        p1_0.version,
        ce1_0.short_name,
        ce1_0.status,
        ce1_0.updated_at,
        ce1_0.updated_by,
        ce1_0.version 
    from
        uniclub.clubs ce1_0 
    left join
        uniclub.users p1_0 
            on p1_0.id=ce1_0.president_id 
    where
        ce1_0.president_id=?
2025-11-26 12:09:01.378 [trace:d46fdf98-b15b-4a5e-be78-870811752dc3] [user:admin] [role:[]] [op:] DEBUG org.hibernate.SQL - 
    select
        ce1_0.id,
        ce1_0.approved,
        ce1_0.club_name,
        ce1_0.created_at,
        ce1_0.created_by,
        ce1_0.description,
        ce1_0.email,
        ce1_0.foundation_date,
        ce1_0.instagram,
        ce1_0.logo_url,
        ce1_0.phone,
        p1_0.id,
        p1_0.created_at,
        p1_0.created_by,
        p1_0.email,
        p1_0.password,
        p1_0.role,
        p1_0.updated_at,
        p1_0.updated_by,
        p1_0.username,
        p1_0.version,
        ce1_0.short_name,
        ce1_0.status,
        ce1_0.updated_at,
        ce1_0.updated_by,
        ce1_0.version 
    from
        uniclub.clubs ce1_0 
    left join
        uniclub.users p1_0 
            on p1_0.id=ce1_0.president_id 
    where
        ce1_0.president_id=?
2025-11-26 12:09:01.378 [trace:d46fdf98-b15b-4a5e-be78-870811752dc3] [user:admin] [role:[]] [op:] INFO  c.uniClub.logging.MDCLoggingFilter - RESPONSE
traceId=d46fdf98-b15b-4a5e-be78-870811752dc3 | status=200 | duration=0ms
body={"status":200,"payload":[{"createdAt":"2025-10-28T22:21:57.237716","updatedAt":"2025-10-28T22:21:57.237716","createdBy":null,"updatedBy":null,"id":"8046b87f-e57c-43f7-a694-bacf480e88b8","username":"admin","email":"admin@yalova.edu.tr","role":"ADMIN"},{"createdAt":"2025-10-28T23:31:49.408782","updatedAt":"2025-10-28T23:31:49.408782","createdBy":null,"updatedBy":null,"id":"a26288db-c5b5-48b0-9c99-265de61e1cd6","username":"210101062","email":"210101062@ogrenci.yalova.edu.tr","role":"USER"},{"createdAt":"2025-10-28T23:32:41.720353","updatedAt":"2025-10-28T23:32:41.720353","createdBy":null,"updatedBy":null,"id":"c302c399-71e9-43ff-a208-8a99ef44775c","username":"210101061","email":"210101061@ogrenci.yalova.edu.tr","role":"USER"}]}

2025-11-26 12:09:01.395 [trace:] [user:] [role:] [op:] DEBUG org.hibernate.SQL - 
    select
        ue1_0.id,
        ue1_0.created_at,
        ue1_0.created_by,
        ue1_0.email,
        ue1_0.password,
        ue1_0.role,
        ue1_0.updated_at,
        ue1_0.updated_by,
        ue1_0.username,
        ue1_0.version 
    from
        uniclub.users ue1_0 
    where
        ue1_0.username=?
2025-11-26 12:09:01.395 [trace:] [user:] [role:] [op:] DEBUG org.hibernate.SQL - 
    select
        ce1_0.id,
        ce1_0.approved,
        ce1_0.club_name,
        ce1_0.created_at,
        ce1_0.created_by,
        ce1_0.description,
        ce1_0.email,
        ce1_0.foundation_date,
        ce1_0.instagram,
        ce1_0.logo_url,
        ce1_0.phone,
        p1_0.id,
        p1_0.created_at,
        p1_0.created_by,
        p1_0.email,
        p1_0.password,
        p1_0.role,
        p1_0.updated_at,
        p1_0.updated_by,
        p1_0.username,
        p1_0.version,
        ce1_0.short_name,
        ce1_0.status,
        ce1_0.updated_at,
        ce1_0.updated_by,
        ce1_0.version 
    from
        uniclub.clubs ce1_0 
    left join
        uniclub.users p1_0 
            on p1_0.id=ce1_0.president_id 
    where
        ce1_0.president_id=?
2025-11-26 12:09:01.395 [trace:fb92961d-8d94-4b35-b78b-b69414e9ac7e] [user:admin] [role:[]] [op:] INFO  c.uniClub.logging.MDCLoggingFilter - REQUEST
traceId=fb92961d-8d94-4b35-b78b-b69414e9ac7e | method=GET | uri=/api/auth/all/users | ip=0:0:0:0:0:0:0:1
headers=[host=localhost:8080, connection=keep-alive, sec-ch-ua-platform="Windows", authorization=Bearer eyJhbGciOiJIUzI1NiJ9.eyJyb2xlIjoiQURNSU4iLCJzdWIiOiJhZG1pbiIsImlhdCI6MTc2NDE0ODExNCwiZXhwIjoxNzY0MTU1MzE0fQ.8PER3wXKB1CuZi6AqQIzqb7XXzqPQbtQCzeOoLRZqlo, user-agent=Mozilla/5.0 (Windows NT 10.0; Win64; x64) AppleWebKit/537.36 (KHTML, like Gecko) Chrome/142.0.0.0 Safari/537.36, accept=application/json, text/plain, */*, sec-ch-ua="Chromium";v="142", "Google Chrome";v="142", "Not_A Brand";v="99", sec-ch-ua-mobile=?0, origin=http://localhost:5173, sec-fetch-site=same-site, sec-fetch-mode=cors, sec-fetch-dest=empty, referer=http://localhost:5173/, accept-encoding=gzip, deflate, br, zstd, accept-language=tr-TR,tr;q=0.9,en-US;q=0.8,en;q=0.7, ]
body=(empty)

2025-11-26 12:09:01.395 [trace:fb92961d-8d94-4b35-b78b-b69414e9ac7e] [user:admin] [role:[]] [op:] DEBUG org.hibernate.SQL - 
    select
        ue1_0.id,
        ue1_0.created_at,
        ue1_0.created_by,
        ue1_0.email,
        ue1_0.password,
        ue1_0.role,
        ue1_0.updated_at,
        ue1_0.updated_by,
        ue1_0.username,
        ue1_0.version 
    from
        uniclub.users ue1_0
2025-11-26 12:09:01.403 [trace:fb92961d-8d94-4b35-b78b-b69414e9ac7e] [user:admin] [role:[]] [op:] DEBUG org.hibernate.SQL - 
    select
        ce1_0.id,
        ce1_0.approved,
        ce1_0.club_name,
        ce1_0.created_at,
        ce1_0.created_by,
        ce1_0.description,
        ce1_0.email,
        ce1_0.foundation_date,
        ce1_0.instagram,
        ce1_0.logo_url,
        ce1_0.phone,
        p1_0.id,
        p1_0.created_at,
        p1_0.created_by,
        p1_0.email,
        p1_0.password,
        p1_0.role,
        p1_0.updated_at,
        p1_0.updated_by,
        p1_0.username,
        p1_0.version,
        ce1_0.short_name,
        ce1_0.status,
        ce1_0.updated_at,
        ce1_0.updated_by,
        ce1_0.version 
    from
        uniclub.clubs ce1_0 
    left join
        uniclub.users p1_0 
            on p1_0.id=ce1_0.president_id 
    where
        ce1_0.president_id=?
2025-11-26 12:09:01.403 [trace:fb92961d-8d94-4b35-b78b-b69414e9ac7e] [user:admin] [role:[]] [op:] DEBUG org.hibernate.SQL - 
    select
        ce1_0.id,
        ce1_0.approved,
        ce1_0.club_name,
        ce1_0.created_at,
        ce1_0.created_by,
        ce1_0.description,
        ce1_0.email,
        ce1_0.foundation_date,
        ce1_0.instagram,
        ce1_0.logo_url,
        ce1_0.phone,
        p1_0.id,
        p1_0.created_at,
        p1_0.created_by,
        p1_0.email,
        p1_0.password,
        p1_0.role,
        p1_0.updated_at,
        p1_0.updated_by,
        p1_0.username,
        p1_0.version,
        ce1_0.short_name,
        ce1_0.status,
        ce1_0.updated_at,
        ce1_0.updated_by,
        ce1_0.version 
    from
        uniclub.clubs ce1_0 
    left join
        uniclub.users p1_0 
            on p1_0.id=ce1_0.president_id 
    where
        ce1_0.president_id=?
2025-11-26 12:09:01.405 [trace:fb92961d-8d94-4b35-b78b-b69414e9ac7e] [user:admin] [role:[]] [op:] DEBUG org.hibernate.SQL - 
    select
        ce1_0.id,
        ce1_0.approved,
        ce1_0.club_name,
        ce1_0.created_at,
        ce1_0.created_by,
        ce1_0.description,
        ce1_0.email,
        ce1_0.foundation_date,
        ce1_0.instagram,
        ce1_0.logo_url,
        ce1_0.phone,
        p1_0.id,
        p1_0.created_at,
        p1_0.created_by,
        p1_0.email,
        p1_0.password,
        p1_0.role,
        p1_0.updated_at,
        p1_0.updated_by,
        p1_0.username,
        p1_0.version,
        ce1_0.short_name,
        ce1_0.status,
        ce1_0.updated_at,
        ce1_0.updated_by,
        ce1_0.version 
    from
        uniclub.clubs ce1_0 
    left join
        uniclub.users p1_0 
            on p1_0.id=ce1_0.president_id 
    where
        ce1_0.president_id=?
2025-11-26 12:09:01.405 [trace:fb92961d-8d94-4b35-b78b-b69414e9ac7e] [user:admin] [role:[]] [op:] INFO  c.uniClub.logging.MDCLoggingFilter - RESPONSE
traceId=fb92961d-8d94-4b35-b78b-b69414e9ac7e | status=200 | duration=10ms
body={"status":200,"payload":[{"createdAt":"2025-10-28T22:21:57.237716","updatedAt":"2025-10-28T22:21:57.237716","createdBy":null,"updatedBy":null,"id":"8046b87f-e57c-43f7-a694-bacf480e88b8","username":"admin","email":"admin@yalova.edu.tr","role":"ADMIN"},{"createdAt":"2025-10-28T23:31:49.408782","updatedAt":"2025-10-28T23:31:49.408782","createdBy":null,"updatedBy":null,"id":"a26288db-c5b5-48b0-9c99-265de61e1cd6","username":"210101062","email":"210101062@ogrenci.yalova.edu.tr","role":"USER"},{"createdAt":"2025-10-28T23:32:41.720353","updatedAt":"2025-10-28T23:32:41.720353","createdBy":null,"updatedBy":null,"id":"c302c399-71e9-43ff-a208-8a99ef44775c","username":"210101061","email":"210101061@ogrenci.yalova.edu.tr","role":"USER"}]}

